// Jest Snapshot v1, https://goo.gl/fbAQLP

exports[`App loads a view 1`] = `
<BrowserRouter>
  <div
    className="App"
  >
    <Switch>
      <Route
        path="/"
        render={[Function]}
      />
    </Switch>
    <button
      name="addBunny"
      onClick={[Function]}
    >
      Add bunny
    </button>
  </div>
</BrowserRouter>
`;

exports[`App loads a view 2`] = `
<BrowserRouter>
  <div
    className="App"
  >
    <Switch>
      <Route
        path="/"
        render={[Function]}
      />
    </Switch>
    <button
      name="addBunny"
      onClick={[Function]}
    >
      Add bunny
    </button>
  </div>
</BrowserRouter>
`;

exports[`App loads a view 3`] = `
<BrowserRouter>
  <div
    className="App"
  >
    <Switch>
      <Route
        path="/"
        render={[Function]}
      />
    </Switch>
    <button
      name="addBunny"
      onClick={[Function]}
    >
      Add bunny
    </button>
  </div>
</BrowserRouter>
`;

exports[`App loads a view 4`] = `
<BrowserRouter>
  <div
    className="App"
  >
    <Switch>
      <Route
        path="/"
        render={[Function]}
      />
    </Switch>
    <button
      name="addBunny"
      onClick={[Function]}
    >
      Add bunny
    </button>
  </div>
</BrowserRouter>
`;
