// Jest Snapshot v1, https://goo.gl/fbAQLP

exports[`Gallery displays bunnies in a gallery 1`] = `
<div>
  <img
    alt="Cute Bunny"
    src="http://f.cl.ly/items/3g3J1G0w122M360w380O/3726490195_f7cc75d377_o.jpg"
  />
  <h5>
    Cute Bunny
  </h5>
  <button
    onClick={[Function]}
    value="Previous"
  >
    Previous
  </button>
  <button
    onClick={[Function]}
    value="Next"
  >
    Next
  </button>
</div>
`;
