// Jest Snapshot v1, https://goo.gl/fbAQLP

exports[`Images tests shows view that matches user selection 1`] = `
<div>
  <nav>
    <button
      onClick={[Function]}
    >
      list
    </button>
    <button
      onClick={[Function]}
    >
      thumbs
    </button>
    <button
      onClick={[Function]}
    >
      gallery
    </button>
  </nav>
  <section>
    <listView
      bunnies={
        Array [
          Object {
            "description": "Who's a cute bunny??",
            "title": "Cute Bunny 1",
            "url": "http://f.cl.ly/items/3g3J1G0w122M360w380O/3726490195_f7cc75d377_o.jpg",
          },
          Object {
            "description": "Diabolically cute!!",
            "title": "Cute Bunny 2",
            "url": "http://static.boredpanda.com/blog/wp-content/uploads/2015/09/cute-bunnies-25__605.jpg",
          },
          Object {
            "description": "There are no bounds to the cuteness!",
            "title": "Cute Bunny 3",
            "url": "http://static.boredpanda.com/blog/wp-content/uploads/2015/09/cute-bunnies-110__605.jpg",
          },
          Object {
            "description": "Hey, that's not a bunny!",
            "title": "Cute Bunny 4",
            "url": "https://i.pinimg.com/originals/52/79/ec/5279ec99c74876b17224e0e033224222.jpg",
          },
        ]
      }
      bunnyNum={0}
      onRemove={[Function]}
      onUpdate={[Function]}
    />
  </section>
  <section>
    <AddBunny
      onAdd={[Function]}
    />
  </section>
</div>
`;
