// Jest Snapshot v1, https://goo.gl/fbAQLP

exports[`app renders a snapshot 1`] = `
<div
  className="main"
>
  <div>
    <h1>
      emoji-wiki-pedia
    </h1>
    <ul
      id="menu"
    >
      <li>
        <a
          href="/home"
          onClick={[Function]}
        >
          <img
            alt="house"
            src="https://emojipedia-us.s3.amazonaws.com/thumbs/120/google/110/house-building_1f3e0.png"
          />
          Home
        </a>
      </li>
      <li>
        <a
          href="/about"
          onClick={[Function]}
        >
          <img
            alt="thinking face"
            src="https://emojipedia-us.s3.amazonaws.com/thumbs/120/google/110/thinking-face_1f914.png"
          />
          About
        </a>
      </li>
      <li>
        <a
          href="/images?view=list"
          onClick={[Function]}
        >
          <img
            alt="frame with pic"
            src="https://emojipedia-us.s3.amazonaws.com/thumbs/120/google/110/frame-with-picture_1f5bc.png"
          />
          Images
        </a>
      </li>
    </ul>
  </div>
  <div>
    <div>
      <img
        alt="emojipedia logo"
        src="https://emojipedia.org/static/img/logo/emojipedia-logo-140.0d779a8a903c.png"
      />
      <img
        alt="plus sign"
        src="https://emojipedia-us.s3.amazonaws.com/thumbs/120/apple/96/heavy-plus-sign_2795.png"
      />
      <img
        alt="Wikipedia logo"
        src="https://www.wikipedia.org/portal/wikipedia.org/assets/img/Wikipedia-logo-v2.png"
      />
    </div>
    <a
      href="/about"
      onClick={[Function]}
    >
      read more...
    </a>
  </div>
</div>
`;
