// Jest Snapshot v1, https://goo.gl/fbAQLP

exports[`renders a snapshot in gallery view 1`] = `
<div
  className="App"
>
  <div
    className="App-header"
  >
    <img
      alt="logo"
      className="App-logo"
      src="logo.svg"
    />
    <span>
      I like to take photos of motorcycles I see, especially classic Hondas.
    </span>
  </div>
  <div>
    <div
      className="functionsHeader"
    >
      <div
        className="addImageForm"
      >
        <form
          onSubmit={[Function]}
        >
          <button
            name="add image"
            type="submit"
          >
            add image
          </button>
          <input
            className="addImageTextInput"
            name="title"
            placeholder="enter a title for your image"
            type="text"
          />
          <input
            className="addImageTextInput"
            name="desc"
            placeholder="enter a description for your image"
            type="textarea"
          />
          <input
            className="addImageTextInput"
            name="url"
            placeholder="paste in a new url to add an image"
            type="text"
          />
        </form>
      </div>
      <div
        className="viewChooserWrap"
      >
        <div
          className="view"
        >
          <span>
            list
          </span>
          <input
            checked={false}
            className="viewChooser"
            name="list"
            onChange={[Function]}
            type="radio"
          />
        </div>
        <div
          className="view"
        >
          <span>
            thumb
          </span>
          <input
            checked={false}
            className="viewChooser"
            name="thumb"
            onChange={[Function]}
            type="radio"
          />
        </div>
        <div
          className="view"
        >
          <span>
            gallery
          </span>
          <input
            checked={true}
            className="viewChooser"
            name="gallery"
            onChange={[Function]}
            type="radio"
          />
        </div>
      </div>
    </div>
    <div
      className="galleryView"
    >
      <div>
        <input
          onChange={[Function]}
          type="checkbox"
        />
        <img
          alt="honda!"
          className="galleryImg"
          src="./images/01-honda-CB450-1986.jpg"
        />
      </div>
      <div>
        <input
          onChange={[Function]}
          type="checkbox"
        />
        <img
          alt="honda!"
          className="galleryImg"
          src="./images/02-honda-CB1100F.jpg"
        />
      </div>
      <div>
        <input
          onChange={[Function]}
          type="checkbox"
        />
        <img
          alt="honda!"
          className="galleryImg"
          src="./images/03-honda.jpg"
        />
      </div>
      <div>
        <input
          onChange={[Function]}
          type="checkbox"
        />
        <img
          alt="honda!"
          className="galleryImg"
          src="./images/04-honda-CB350.jpg"
        />
      </div>
      <div>
        <input
          onChange={[Function]}
          type="checkbox"
        />
        <img
          alt="honda!"
          className="galleryImg"
          src="./images/05-honda-CBX550F.jpg"
        />
      </div>
      <div>
        <input
          onChange={[Function]}
          type="checkbox"
        />
        <img
          alt="honda!"
          className="galleryImg"
          src="./images/06-honda-CB750F.jpg"
        />
      </div>
      <div>
        <input
          onChange={[Function]}
          type="checkbox"
        />
        <img
          alt="honda!"
          className="galleryImg"
          src="./images/07-honda-CX500.jpg"
        />
      </div>
      <div>
        <input
          onChange={[Function]}
          type="checkbox"
        />
        <img
          alt="honda!"
          className="galleryImg"
          src="./images/08-honda.jpg"
        />
      </div>
      <div>
        <input
          onChange={[Function]}
          type="checkbox"
        />
        <img
          alt="honda!"
          className="galleryImg"
          src="./images/09-honda-CB750-2000.jpg"
        />
      </div>
      <div>
        <input
          onChange={[Function]}
          type="checkbox"
        />
        <img
          alt="honda!"
          className="galleryImg"
          src="./images/10-honda-CB450.jpg"
        />
      </div>
      <div>
        <input
          onChange={[Function]}
          type="checkbox"
        />
        <img
          alt="honda!"
          className="galleryImg"
          src="./images/11-honda-CB450.jpg"
        />
      </div>
      <div>
        <input
          onChange={[Function]}
          type="checkbox"
        />
        <img
          alt="honda!"
          className="galleryImg"
          src="./images/12-honda-hawk.jpg"
        />
      </div>
      <div>
        <input
          onChange={[Function]}
          type="checkbox"
        />
        <img
          alt="honda!"
          className="galleryImg"
          src="./images/13-honda-CB750.jpg"
        />
      </div>
      <div>
        <input
          onChange={[Function]}
          type="checkbox"
        />
        <img
          alt="honda!"
          className="galleryImg"
          src="./images/14-honda-CB750-1978.jpg"
        />
      </div>
      <div>
        <input
          onChange={[Function]}
          type="checkbox"
        />
        <img
          alt="honda!"
          className="galleryImg"
          src="./images/15-honda-CB350.jpg"
        />
      </div>
      <div>
        <input
          onChange={[Function]}
          type="checkbox"
        />
        <img
          alt="honda!"
          className="galleryImg"
          src="./images/16-honda.jpg"
        />
      </div>
      <div>
        <input
          onChange={[Function]}
          type="checkbox"
        />
        <img
          alt="honda!"
          className="galleryImg"
          src="./images/17-honda.jpg"
        />
      </div>
    </div>
  </div>
</div>
`;

exports[`renders a snapshot in list view 1`] = `
<div
  className="App"
>
  <div
    className="App-header"
  >
    <img
      alt="logo"
      className="App-logo"
      src="logo.svg"
    />
    <span>
      I like to take photos of motorcycles I see, especially classic Hondas.
    </span>
  </div>
  <div>
    <div
      className="functionsHeader"
    >
      <div
        className="addImageForm"
      >
        <form
          onSubmit={[Function]}
        >
          <button
            name="add image"
            type="submit"
          >
            add image
          </button>
          <input
            className="addImageTextInput"
            name="title"
            placeholder="enter a title for your image"
            type="text"
          />
          <input
            className="addImageTextInput"
            name="desc"
            placeholder="enter a description for your image"
            type="textarea"
          />
          <input
            className="addImageTextInput"
            name="url"
            placeholder="paste in a new url to add an image"
            type="text"
          />
        </form>
      </div>
      <div
        className="viewChooserWrap"
      >
        <div
          className="view"
        >
          <span>
            list
          </span>
          <input
            checked={false}
            className="viewChooser"
            name="list"
            onChange={[Function]}
            type="radio"
          />
        </div>
        <div
          className="view"
        >
          <span>
            thumb
          </span>
          <input
            checked={false}
            className="viewChooser"
            name="thumb"
            onChange={[Function]}
            type="radio"
          />
        </div>
        <div
          className="view"
        >
          <span>
            gallery
          </span>
          <input
            checked={true}
            className="viewChooser"
            name="gallery"
            onChange={[Function]}
            type="radio"
          />
        </div>
      </div>
    </div>
    <div
      className="galleryView"
    >
      <div>
        <input
          onChange={[Function]}
          type="checkbox"
        />
        <img
          alt="honda!"
          className="galleryImg"
          src="./images/01-honda-CB450-1986.jpg"
        />
      </div>
      <div>
        <input
          onChange={[Function]}
          type="checkbox"
        />
        <img
          alt="honda!"
          className="galleryImg"
          src="./images/02-honda-CB1100F.jpg"
        />
      </div>
      <div>
        <input
          onChange={[Function]}
          type="checkbox"
        />
        <img
          alt="honda!"
          className="galleryImg"
          src="./images/03-honda.jpg"
        />
      </div>
      <div>
        <input
          onChange={[Function]}
          type="checkbox"
        />
        <img
          alt="honda!"
          className="galleryImg"
          src="./images/04-honda-CB350.jpg"
        />
      </div>
      <div>
        <input
          onChange={[Function]}
          type="checkbox"
        />
        <img
          alt="honda!"
          className="galleryImg"
          src="./images/05-honda-CBX550F.jpg"
        />
      </div>
      <div>
        <input
          onChange={[Function]}
          type="checkbox"
        />
        <img
          alt="honda!"
          className="galleryImg"
          src="./images/06-honda-CB750F.jpg"
        />
      </div>
      <div>
        <input
          onChange={[Function]}
          type="checkbox"
        />
        <img
          alt="honda!"
          className="galleryImg"
          src="./images/07-honda-CX500.jpg"
        />
      </div>
      <div>
        <input
          onChange={[Function]}
          type="checkbox"
        />
        <img
          alt="honda!"
          className="galleryImg"
          src="./images/08-honda.jpg"
        />
      </div>
      <div>
        <input
          onChange={[Function]}
          type="checkbox"
        />
        <img
          alt="honda!"
          className="galleryImg"
          src="./images/09-honda-CB750-2000.jpg"
        />
      </div>
      <div>
        <input
          onChange={[Function]}
          type="checkbox"
        />
        <img
          alt="honda!"
          className="galleryImg"
          src="./images/10-honda-CB450.jpg"
        />
      </div>
      <div>
        <input
          onChange={[Function]}
          type="checkbox"
        />
        <img
          alt="honda!"
          className="galleryImg"
          src="./images/11-honda-CB450.jpg"
        />
      </div>
      <div>
        <input
          onChange={[Function]}
          type="checkbox"
        />
        <img
          alt="honda!"
          className="galleryImg"
          src="./images/12-honda-hawk.jpg"
        />
      </div>
      <div>
        <input
          onChange={[Function]}
          type="checkbox"
        />
        <img
          alt="honda!"
          className="galleryImg"
          src="./images/13-honda-CB750.jpg"
        />
      </div>
      <div>
        <input
          onChange={[Function]}
          type="checkbox"
        />
        <img
          alt="honda!"
          className="galleryImg"
          src="./images/14-honda-CB750-1978.jpg"
        />
      </div>
      <div>
        <input
          onChange={[Function]}
          type="checkbox"
        />
        <img
          alt="honda!"
          className="galleryImg"
          src="./images/15-honda-CB350.jpg"
        />
      </div>
      <div>
        <input
          onChange={[Function]}
          type="checkbox"
        />
        <img
          alt="honda!"
          className="galleryImg"
          src="./images/16-honda.jpg"
        />
      </div>
      <div>
        <input
          onChange={[Function]}
          type="checkbox"
        />
        <img
          alt="honda!"
          className="galleryImg"
          src="./images/17-honda.jpg"
        />
      </div>
    </div>
  </div>
</div>
`;

exports[`renders a snapshot in thumb view 1`] = `
<div
  className="App"
>
  <div
    className="App-header"
  >
    <img
      alt="logo"
      className="App-logo"
      src="logo.svg"
    />
    <span>
      I like to take photos of motorcycles I see, especially classic Hondas.
    </span>
  </div>
  <div>
    <div
      className="functionsHeader"
    >
      <div
        className="addImageForm"
      >
        <form
          onSubmit={[Function]}
        >
          <button
            name="add image"
            type="submit"
          >
            add image
          </button>
          <input
            className="addImageTextInput"
            name="title"
            placeholder="enter a title for your image"
            type="text"
          />
          <input
            className="addImageTextInput"
            name="desc"
            placeholder="enter a description for your image"
            type="textarea"
          />
          <input
            className="addImageTextInput"
            name="url"
            placeholder="paste in a new url to add an image"
            type="text"
          />
        </form>
      </div>
      <div
        className="viewChooserWrap"
      >
        <div
          className="view"
        >
          <span>
            list
          </span>
          <input
            checked={false}
            className="viewChooser"
            name="list"
            onChange={[Function]}
            type="radio"
          />
        </div>
        <div
          className="view"
        >
          <span>
            thumb
          </span>
          <input
            checked={false}
            className="viewChooser"
            name="thumb"
            onChange={[Function]}
            type="radio"
          />
        </div>
        <div
          className="view"
        >
          <span>
            gallery
          </span>
          <input
            checked={true}
            className="viewChooser"
            name="gallery"
            onChange={[Function]}
            type="radio"
          />
        </div>
      </div>
    </div>
    <div
      className="galleryView"
    >
      <div>
        <input
          onChange={[Function]}
          type="checkbox"
        />
        <img
          alt="honda!"
          className="galleryImg"
          src="./images/01-honda-CB450-1986.jpg"
        />
      </div>
      <div>
        <input
          onChange={[Function]}
          type="checkbox"
        />
        <img
          alt="honda!"
          className="galleryImg"
          src="./images/02-honda-CB1100F.jpg"
        />
      </div>
      <div>
        <input
          onChange={[Function]}
          type="checkbox"
        />
        <img
          alt="honda!"
          className="galleryImg"
          src="./images/03-honda.jpg"
        />
      </div>
      <div>
        <input
          onChange={[Function]}
          type="checkbox"
        />
        <img
          alt="honda!"
          className="galleryImg"
          src="./images/04-honda-CB350.jpg"
        />
      </div>
      <div>
        <input
          onChange={[Function]}
          type="checkbox"
        />
        <img
          alt="honda!"
          className="galleryImg"
          src="./images/05-honda-CBX550F.jpg"
        />
      </div>
      <div>
        <input
          onChange={[Function]}
          type="checkbox"
        />
        <img
          alt="honda!"
          className="galleryImg"
          src="./images/06-honda-CB750F.jpg"
        />
      </div>
      <div>
        <input
          onChange={[Function]}
          type="checkbox"
        />
        <img
          alt="honda!"
          className="galleryImg"
          src="./images/07-honda-CX500.jpg"
        />
      </div>
      <div>
        <input
          onChange={[Function]}
          type="checkbox"
        />
        <img
          alt="honda!"
          className="galleryImg"
          src="./images/08-honda.jpg"
        />
      </div>
      <div>
        <input
          onChange={[Function]}
          type="checkbox"
        />
        <img
          alt="honda!"
          className="galleryImg"
          src="./images/09-honda-CB750-2000.jpg"
        />
      </div>
      <div>
        <input
          onChange={[Function]}
          type="checkbox"
        />
        <img
          alt="honda!"
          className="galleryImg"
          src="./images/10-honda-CB450.jpg"
        />
      </div>
      <div>
        <input
          onChange={[Function]}
          type="checkbox"
        />
        <img
          alt="honda!"
          className="galleryImg"
          src="./images/11-honda-CB450.jpg"
        />
      </div>
      <div>
        <input
          onChange={[Function]}
          type="checkbox"
        />
        <img
          alt="honda!"
          className="galleryImg"
          src="./images/12-honda-hawk.jpg"
        />
      </div>
      <div>
        <input
          onChange={[Function]}
          type="checkbox"
        />
        <img
          alt="honda!"
          className="galleryImg"
          src="./images/13-honda-CB750.jpg"
        />
      </div>
      <div>
        <input
          onChange={[Function]}
          type="checkbox"
        />
        <img
          alt="honda!"
          className="galleryImg"
          src="./images/14-honda-CB750-1978.jpg"
        />
      </div>
      <div>
        <input
          onChange={[Function]}
          type="checkbox"
        />
        <img
          alt="honda!"
          className="galleryImg"
          src="./images/15-honda-CB350.jpg"
        />
      </div>
      <div>
        <input
          onChange={[Function]}
          type="checkbox"
        />
        <img
          alt="honda!"
          className="galleryImg"
          src="./images/16-honda.jpg"
        />
      </div>
      <div>
        <input
          onChange={[Function]}
          type="checkbox"
        />
        <img
          alt="honda!"
          className="galleryImg"
          src="./images/17-honda.jpg"
        />
      </div>
    </div>
  </div>
</div>
`;
