// Jest Snapshot v1, https://goo.gl/fbAQLP

exports[`renders correctly 1`] = `
<main
  className="App"
>
  <header
    className="App-header"
  >
    <h1>
      Steve Pics Dot Com!
    </h1>
    <nav>
      <a
        href="/"
        onClick={[Function]}
      >
        Home
      </a>
      <a
        href="/about"
        onClick={[Function]}
      >
        About
      </a>
      <a
        href="/images"
        onClick={[Function]}
      >
        Steve Pics
      </a>
    </nav>
  </header>
  <div>
    Here are my pics of Steve thanks for visiting (click Steve Pics above to get started on you're journey)
  </div>
</main>
`;
